    1 00:0000 -  -  -  -  ; ***************************************************************************************
    2 00:0000 -  -  -  -  ; ***************************************************************************************
    3 00:0000 -  -  -  -  ;
    4 00:0000 -  -  -  -  ;		Name : 		test.asm
    5 00:0000 -  -  -  -  ;		Author :	Paul Robson (paul@robsons.org.uk)
    6 00:0000 -  -  -  -  ;		Date : 		1st April 2022
    7 00:0000 -  -  -  -  ;		Purpose :	M7 Main.
    8 00:0000 -  -  -  -  ;
    9 00:0000 -  -  -  -  ; ***************************************************************************************
   10 00:0000 -  -  -  -  ; ***************************************************************************************
   11 00:0000 -  -  -  -  
   12 00:0000 -  -  -  -  
   13 00:0000 -  -  -  -  	.org $4000
   14 00:4000 C3 13 40 -  	jp 		start
   15 00:4003 -  -  -  -  
   16 00:4003 50 53 52 00 	.db  	"PSR",0 						; 4 bytes filler.
   17 00:4007 00 9C 00 B0 
              00 6C -  -  	.db  	0,$9C,0,$B0,0,$6C 				; 12 bytes ROM Identify
   18 00:400D 00 64 00 A8 
              5F 70 -  -  	.db 	0,$64,0,$A8,$5F,$70 			; the $5F makes the total $70 so $00 is output to scrambler
   19 00:4013 -  -  -  -  start:	
   20 00:4013 C3 13 40 -  	jp 		start 							; BIOS enters here.
   21 00:4016 -  -  -  -  
   22 00:4016 00 00 00 00 
              00 00 00 00 
              00 00 00 00 
              00 00 00 00 
              00 00 00 00 
              00 00 00 00 
              00 00 00 00 
              00 00 00 00 
              00 00 00 00 
              00 00 00 00 
              00 00 -  -  	.block 	64-($ & $3F)
   23 00:4040 -  -  -  -  algined:	
   24 00:4040 -  -  -  -  
